// Jest Snapshot v1, https://goo.gl/fbAQLP

exports[`expect to render Card Component 1`] = `
<div
  className="tc bg-light-green dib br3 pd3 ma2 grow bw2 shadow-5"
>
  <h1>
    Robot Card
  </h1>
  <img
    alt="robots"
    src="https://robohash.org/undefined?200x200"
  />
  <div>
    <h2 />
    <p />
  </div>
</div>
`;
